// Jest Snapshot v1, https://goo.gl/fbAQLP

exports[`Pruebas unitarias en el componente AppRouter.js se debe mostrar el componente <AppRouter /> correctamente 1`] = `
<div>
  Array [
    <nav
      className="navbar navbar-expand-lg navbar-dark bg-primary"
    >
      <div
        className="navbar-collapse"
      >
        <ul
          className="navbar-nav mr-auto"
        >
          <a
            aria-current={null}
            className="nav-item nav-link"
            href="/home"
            onClick={[Function]}
          >
            Home
          </a>
          <a
            aria-current={null}
            className="nav-item nav-link"
            href="/about"
            onClick={[Function]}
          >
            About
          </a>
          <a
            aria-current={null}
            className="nav-item nav-link"
            href="/login"
            onClick={[Function]}
          >
            Login
          </a>
        </ul>
      </div>
    </nav>,
    <div
      className="m-4"
    >
      <h1>
        HomeScreen
      </h1>
      <hr />
      <pre>
        {
   "id": 1,
   "name": "Carlos",
   "email": "carlos.santander@gmail.com",
   "password": "123456"
}
      </pre>
    </div>,
  ]
</div>
`;
